*** Using Compiler 'V6.22', folder: 'C:\Users\marwa\AppData\Local\Keil_v5\ARM\ARMCLANG\Bin'
Rebuild target 'CA Exam'
Note: source file '.\Source\exam\exam_user.c' - object file renamed from '.\Build\1_WRITE_C_HERE.o' to '.\Build\1_write_c_here.o'.Note: source file '.\Source\exam\exam_asm.s' - object file renamed from '.\Build\2_WRITE_ASM_HERE.o' to '.\Build\2_write_asm_here.o
assembling 2_WRITE_ASM_HERE.s...
creating preprocessor file for exam_api.c...
creating preprocessor file for exam_main.c...
creating preprocessor file for 1_WRITE_C_HERE.c...
compiling exam_main.c...
compiling 1_WRITE_C_HERE.c...
compiling exam_api.c...
creating preprocessor file for exam_board.c...
creating preprocessor file for exam_compat.c...
creating preprocessor file for exam_faults.c...
compiling exam_compat.c...
creating preprocessor file for system_LPC17xx.c...
compiling exam_faults.c...
assembling startup_LPC17xx.s...
compiling system_LPC17xx.c...
compiling exam_board.c...
linking...
Program Size: Code=11142 RO-data=258 RW-data=8 ZI-data=4560  
".\Build\CA_Exam.axf" - 0 Error(s), 0 Warning(s).
Build Time Elapsed:  00:00:04
