pat-alg-array-reversal-001 C_AND_THUMB_EXECUTION_PASS 
pat-alg-array-rotation-001 C_AND_THUMB_EXECUTION_PASS 
pat-alg-bfs-001 C_AND_THUMB_EXECUTION_PASS 
pat-alg-binary-search-001 C_AND_THUMB_EXECUTION_PASS 
pat-alg-bitfield-001 C_AND_THUMB_EXECUTION_PASS 
pat-alg-coin-change-001 C_AND_THUMB_EXECUTION_PASS 
pat-alg-bubble-sort-001 C_AND_THUMB_EXECUTION_PASS 
pat-alg-checksum-crc-001 C_AND_THUMB_EXECUTION_PASS 
pat-alg-component-merge-001 C_AND_THUMB_EXECUTION_PASS 
pat-alg-consume-once-match-001 C_AND_THUMB_EXECUTION_PASS 
pat-alg-counting-sort-001 C_AND_THUMB_EXECUTION_PASS 
pat-alg-decimal-digits-001 C_AND_THUMB_EXECUTION_PASS 
pat-alg-dfs-stack-001 C_AND_THUMB_EXECUTION_PASS 
pat-alg-dijkstra-001 C_AND_THUMB_EXECUTION_PASS 
pat-alg-edit-distance-001 C_AND_THUMB_EXECUTION_PASS 
pat-alg-fast-power-001 C_AND_THUMB_EXECUTION_PASS 
pat-alg-flood-fill-001 C_AND_THUMB_EXECUTION_PASS 
pat-alg-gcd-lcm-001 C_AND_THUMB_EXECUTION_PASS 
pat-alg-histogram-mode-001 C_AND_THUMB_EXECUTION_PASS 
pat-alg-heap-sort-001 C_AND_THUMB_EXECUTION_PASS 
pat-alg-horner-001 C_AND_THUMB_EXECUTION_PASS 
pat-alg-indirect-recurrence-001 C_AND_THUMB_EXECUTION_PASS 
pat-alg-knapsack-001 C_AND_THUMB_EXECUTION_PASS 
pat-alg-integer-sqrt-001 C_AND_THUMB_EXECUTION_PASS 
pat-alg-lcg-001 C_AND_THUMB_EXECUTION_PASS 
pat-alg-lis-001 C_AND_THUMB_EXECUTION_PASS 
pat-alg-linear-search-001 C_AND_THUMB_EXECUTION_PASS 
pat-alg-look-and-say-001 C_AND_THUMB_EXECUTION_PASS 
pat-alg-memmove-001 C_AND_THUMB_EXECUTION_PASS 
pat-alg-merge-sort-001 C_AND_THUMB_EXECUTION_PASS 
pat-alg-moving-average-001 C_AND_THUMB_EXECUTION_PASS 
pat-alg-packed-matmul-001 C_AND_THUMB_EXECUTION_PASS 
pat-alg-popcount-parity-001 C_AND_THUMB_EXECUTION_PASS 
pat-alg-prefix-sum-001 C_AND_THUMB_EXECUTION_PASS 
pat-alg-prime-factorization-001 C_AND_THUMB_EXECUTION_PASS 
pat-alg-quicksort-001 C_AND_THUMB_EXECUTION_PASS 
pat-alg-recursive-dfs-001 C_AND_THUMB_EXECUTION_PASS 
pat-alg-reduction-001 C_AND_THUMB_EXECUTION_PASS 
pat-alg-run-length-001 C_AND_THUMB_EXECUTION_PASS 
pat-alg-saturating-arithmetic-001 C_AND_THUMB_EXECUTION_PASS 
pat-alg-selection-sort-001 C_AND_THUMB_EXECUTION_PASS 
pat-alg-string-primitives-001 C_AND_THUMB_EXECUTION_PASS 
pat-alg-wide-division-001 C_AND_THUMB_EXECUTION_PASS 
pat-data-asm-objects-001 C_AND_THUMB_EXECUTION_PASS 
pat-ds-circular-queue-001 C_AND_THUMB_EXECUTION_PASS 
pat-ds-linked-list-001 C_AND_THUMB_EXECUTION_PASS 
pat-ds-ring-buffer-001 C_AND_THUMB_EXECUTION_PASS 
pat-ds-stack-001 C_AND_THUMB_EXECUTION_PASS 
pat-ds-union-find-001 C_AND_THUMB_EXECUTION_PASS 
pat-mem-packed-transpose-001 C_AND_THUMB_EXECUTION_PASS 
foundation-q15 C_AND_THUMB_EXECUTION_PASS 
foundation-pair C_AND_THUMB_EXECUTION_PASS 
foundation-sum7 C_AND_THUMB_EXECUTION_PASS 
foundation-nonleaf C_AND_THUMB_EXECUTION_PASS 
foundation-word-max C_AND_THUMB_EXECUTION_PASS 
foundation-flags C_AND_THUMB_EXECUTION_PASS 
foundation-matrix-byte C_AND_THUMB_EXECUTION_PASS 
foundation-matrix-signed-byte C_AND_THUMB_EXECUTION_PASS 
foundation-byte-sort-unsigned C_AND_THUMB_EXECUTION_PASS 
foundation-byte-sort C_AND_THUMB_EXECUTION_PASS 
selection-sort-unsigned C_AND_THUMB_EXECUTION_PASS 
