{
  "status": "PASS",
  "checks": 70340,
  "executed_exports": [
    "exam_adc_init",
    "exam_adc_irq_capture",
    "exam_adc_take",
    "exam_button_events_take",
    "exam_buttons_init",
    "exam_dac_init",
    "exam_dac_write",
    "exam_debounce_begin",
    "exam_debounce_config",
    "exam_debounce_tick",
    "exam_events_set",
    "exam_events_take",
    "exam_init",
    "exam_joystick_released_edges",
    "exam_rit_config_ticks",
    "exam_rit_reset",
    "exam_rit_start",
    "exam_rit_stop",
    "exam_timer_ack",
    "exam_timer_capture_happened",
    "exam_timer_config_match",
    "exam_timer_config_ms",
    "exam_timer_config_ticks",
    "exam_timer_match_happened",
    "exam_timer_reset",
    "exam_timer_set_clock_divider",
    "exam_timer_set_prescaler",
    "exam_timer_start",
    "exam_timer_stop"
  ],
  "method": "Production C compiled by LLVM for Cortex-M3; simulated MMIO with W1C, NVIC set/clear and counter reset semantics",
  "nativeKeil": "Reported separately",
  "physicalBoard": "Not tested"
}
