1 317 mix-led-buttons PASS
2 317 mix-led-timer PASS
3 317 mix-led-rit PASS
4 317 mix-led-joystick PASS
5 317 mix-led-systick PASS
6 317 mix-led-adc PASS
7 317 mix-led-dac PASS
8 317 mix-buttons-joystick PASS
9 317 mix-buttons-timer PASS
10 317 mix-buttons-rit PASS
11 317 mix-buttons-systick PASS
12 317 mix-buttons-adc PASS
13 317 mix-buttons-dac PASS
14 317 mix-joystick-timer PASS
15 317 mix-joystick-rit PASS
16 317 mix-joystick-systick PASS
17 317 mix-joystick-adc PASS
18 317 mix-joystick-dac PASS
19 317 mix-timer-systick PASS
20 317 mix-timer-rit PASS
21 317 mix-timer-adc PASS
22 317 mix-timer-dac PASS
23 317 mix-rit-systick PASS
24 317 mix-rit-adc PASS
25 317 mix-rit-dac PASS
26 317 mix-systick-adc PASS
27 317 mix-systick-dac PASS
28 317 mix-adc-dac PASS
29 317 mix-led-buttons-joystick PASS
30 317 mix-led-buttons-rit PASS
31 317 mix-led-buttons-timer PASS
32 317 mix-led-buttons-systick PASS
33 317 mix-led-buttons-adc PASS
34 317 mix-led-joystick-rit PASS
35 317 mix-led-joystick-timer PASS
36 317 mix-led-buttons-dac PASS
37 317 mix-led-joystick-systick PASS
38 317 mix-led-joystick-dac PASS
39 317 mix-led-timer-rit PASS
40 317 mix-led-joystick-adc PASS
41 317 mix-led-timer-systick PASS
42 317 mix-led-timer-adc PASS
43 317 mix-led-timer-dac PASS
44 317 mix-led-rit-systick PASS
45 317 mix-led-rit-adc PASS
46 317 mix-led-rit-dac PASS
47 317 mix-led-systick-adc PASS
48 317 mix-led-systick-dac PASS
49 317 mix-led-adc-dac PASS
50 317 mix-buttons-joystick-timer PASS
51 317 mix-buttons-joystick-rit PASS
52 317 mix-buttons-joystick-systick PASS
53 317 mix-buttons-joystick-adc PASS
54 317 mix-buttons-joystick-dac PASS
55 317 mix-buttons-timer-systick PASS
56 317 mix-buttons-timer-rit PASS
57 317 mix-buttons-timer-adc PASS
58 317 mix-buttons-rit-adc PASS
59 317 mix-buttons-timer-dac PASS
60 317 mix-buttons-rit-systick PASS
61 317 mix-buttons-rit-dac PASS
62 317 mix-buttons-systick-adc PASS
63 317 mix-buttons-adc-dac PASS
64 317 mix-buttons-systick-dac PASS
65 317 mix-joystick-timer-rit PASS
66 317 mix-joystick-timer-systick PASS
67 317 mix-joystick-timer-adc PASS
68 317 mix-joystick-timer-dac PASS
69 317 mix-joystick-rit-systick PASS
70 317 mix-joystick-rit-dac PASS
71 317 mix-joystick-rit-adc PASS
72 317 mix-joystick-systick-adc PASS
73 317 mix-joystick-systick-dac PASS
74 317 mix-timer-rit-systick PASS
75 317 mix-joystick-adc-dac PASS
76 317 mix-timer-rit-adc PASS
77 317 mix-timer-rit-dac PASS
78 317 mix-timer-systick-adc PASS
79 317 mix-timer-systick-dac PASS
80 317 mix-timer-adc-dac PASS
81 317 mix-rit-systick-adc PASS
82 317 mix-rit-adc-dac PASS
83 317 mix-rit-systick-dac PASS
84 317 mix-systick-adc-dac PASS
85 317 mix-led-buttons-joystick-timer PASS
86 317 mix-led-buttons-joystick-rit PASS
87 317 mix-led-buttons-joystick-systick PASS
88 317 mix-led-buttons-joystick-dac PASS
89 317 mix-led-buttons-joystick-adc PASS
90 317 mix-led-buttons-timer-systick PASS
91 317 mix-led-buttons-timer-rit PASS
92 317 mix-led-buttons-timer-dac PASS
93 317 mix-led-buttons-timer-adc PASS
94 317 mix-led-buttons-rit-systick PASS
95 317 mix-led-buttons-rit-adc PASS
96 317 mix-led-buttons-rit-dac PASS
97 317 mix-led-buttons-systick-adc PASS
98 317 mix-led-buttons-systick-dac PASS
99 317 mix-led-buttons-adc-dac PASS
100 317 mix-led-joystick-timer-rit PASS
101 317 mix-led-joystick-timer-systick PASS
102 317 mix-led-joystick-timer-adc PASS
103 317 mix-led-joystick-timer-dac PASS
104 317 mix-led-joystick-rit-adc PASS
105 317 mix-led-joystick-rit-systick PASS
106 317 mix-led-joystick-rit-dac PASS
107 317 mix-led-joystick-systick-adc PASS
108 317 mix-led-joystick-systick-dac PASS
109 317 mix-led-joystick-adc-dac PASS
110 317 mix-led-timer-rit-systick PASS
111 317 mix-led-timer-rit-adc PASS
112 317 mix-led-timer-systick-adc PASS
113 317 mix-led-timer-rit-dac PASS
114 317 mix-led-timer-systick-dac PASS
115 317 mix-led-timer-adc-dac PASS
116 317 mix-led-rit-systick-adc PASS
117 317 mix-led-rit-systick-dac PASS
118 317 mix-led-rit-adc-dac PASS
119 317 mix-led-systick-adc-dac PASS
120 317 mix-buttons-joystick-timer-systick PASS
121 317 mix-buttons-joystick-timer-rit PASS
122 317 mix-buttons-joystick-timer-adc PASS
123 317 mix-buttons-joystick-timer-dac PASS
124 317 mix-buttons-joystick-rit-systick PASS
125 317 mix-buttons-joystick-rit-adc PASS
126 317 mix-buttons-joystick-rit-dac PASS
127 317 mix-buttons-joystick-systick-adc PASS
128 317 mix-buttons-joystick-systick-dac PASS
129 317 mix-buttons-joystick-adc-dac PASS
130 317 mix-buttons-timer-rit-systick PASS
131 317 mix-buttons-timer-rit-adc PASS
132 317 mix-buttons-timer-rit-dac PASS
133 317 mix-buttons-timer-systick-adc PASS
134 317 mix-buttons-timer-systick-dac PASS
135 317 mix-buttons-timer-adc-dac PASS
136 317 mix-buttons-rit-systick-dac PASS
137 317 mix-buttons-rit-systick-adc PASS
138 317 mix-buttons-rit-adc-dac PASS
139 317 mix-buttons-systick-adc-dac PASS
140 317 mix-joystick-timer-rit-systick PASS
141 317 mix-joystick-timer-rit-adc PASS
142 317 mix-joystick-timer-rit-dac PASS
143 317 mix-joystick-timer-systick-adc PASS
144 317 mix-joystick-timer-systick-dac PASS
145 317 mix-joystick-timer-adc-dac PASS
146 317 mix-joystick-rit-systick-adc PASS
147 317 mix-joystick-rit-systick-dac PASS
148 317 mix-joystick-rit-adc-dac PASS
149 317 mix-joystick-systick-adc-dac PASS
150 317 mix-timer-rit-systick-adc PASS
151 317 mix-timer-rit-systick-dac PASS
152 317 mix-timer-rit-adc-dac PASS
153 317 mix-rit-systick-adc-dac PASS
154 317 mix-timer-systick-adc-dac PASS
155 317 mix-led-buttons-joystick-timer-rit PASS
156 317 mix-led-buttons-joystick-timer-systick PASS
157 317 mix-led-buttons-joystick-timer-adc PASS
158 317 mix-led-buttons-joystick-timer-dac PASS
159 317 mix-led-buttons-joystick-rit-systick PASS
160 317 mix-led-buttons-joystick-rit-adc PASS
161 317 mix-led-buttons-joystick-rit-dac PASS
162 317 mix-led-buttons-joystick-systick-adc PASS
163 317 mix-led-buttons-joystick-systick-dac PASS
164 317 mix-led-buttons-joystick-adc-dac PASS
165 317 mix-led-buttons-timer-rit-systick PASS
166 317 mix-led-buttons-timer-rit-adc PASS
167 317 mix-led-buttons-timer-rit-dac PASS
168 317 mix-led-buttons-timer-systick-adc PASS
169 317 mix-led-buttons-timer-systick-dac PASS
170 317 mix-led-buttons-timer-adc-dac PASS
171 317 mix-led-buttons-rit-systick-adc PASS
172 317 mix-led-buttons-rit-systick-dac PASS
173 317 mix-led-buttons-rit-adc-dac PASS
174 317 mix-led-buttons-systick-adc-dac PASS
175 317 mix-led-joystick-timer-rit-systick PASS
176 317 mix-led-joystick-timer-rit-adc PASS
177 317 mix-led-joystick-timer-systick-adc PASS
178 317 mix-led-joystick-timer-rit-dac PASS
179 317 mix-led-joystick-timer-adc-dac PASS
180 317 mix-led-joystick-rit-systick-adc PASS
181 317 mix-led-joystick-rit-systick-dac PASS
182 317 mix-led-joystick-timer-systick-dac PASS
183 317 mix-led-joystick-rit-adc-dac PASS
184 317 mix-led-joystick-systick-adc-dac PASS
185 317 mix-led-timer-rit-systick-adc PASS
186 317 mix-led-timer-rit-systick-dac PASS
187 317 mix-led-timer-systick-adc-dac PASS
188 317 mix-led-rit-systick-adc-dac PASS
189 317 mix-led-timer-rit-adc-dac PASS
190 317 mix-buttons-joystick-timer-rit-systick PASS
191 317 mix-buttons-joystick-timer-rit-adc PASS
192 317 mix-buttons-joystick-timer-rit-dac PASS
193 317 mix-buttons-joystick-timer-systick-adc PASS
194 317 mix-buttons-joystick-timer-systick-dac PASS
195 317 mix-buttons-joystick-rit-systick-adc PASS
196 317 mix-buttons-joystick-timer-adc-dac PASS
197 317 mix-buttons-joystick-rit-systick-dac PASS
198 317 mix-buttons-timer-rit-systick-adc PASS
199 317 mix-buttons-joystick-rit-adc-dac PASS
200 317 mix-buttons-joystick-systick-adc-dac PASS
201 317 mix-buttons-timer-rit-adc-dac PASS
202 317 mix-buttons-timer-systick-adc-dac PASS
203 317 mix-buttons-timer-rit-systick-dac PASS
204 317 mix-buttons-rit-systick-adc-dac PASS
205 317 mix-joystick-timer-rit-systick-adc PASS
206 317 mix-joystick-timer-systick-adc-dac PASS
207 317 mix-joystick-timer-rit-systick-dac PASS
208 317 mix-joystick-timer-rit-adc-dac PASS
209 317 mix-joystick-rit-systick-adc-dac PASS
210 317 mix-timer-rit-systick-adc-dac PASS
211 317 mix-led-buttons-joystick-timer-rit-systick PASS
212 317 mix-led-buttons-joystick-timer-rit-adc PASS
213 317 mix-led-buttons-joystick-timer-rit-dac PASS
214 317 mix-led-buttons-joystick-timer-systick-adc PASS
215 317 mix-led-buttons-joystick-timer-systick-dac PASS
216 317 mix-led-buttons-joystick-rit-systick-adc PASS
217 317 mix-led-buttons-joystick-timer-adc-dac PASS
218 317 mix-led-buttons-joystick-rit-systick-dac PASS
219 317 mix-led-buttons-joystick-rit-adc-dac PASS
220 317 mix-led-buttons-joystick-systick-adc-dac PASS
221 317 mix-led-buttons-timer-rit-systick-adc PASS
222 317 mix-led-buttons-timer-rit-systick-dac PASS
223 317 mix-led-buttons-timer-rit-adc-dac PASS
224 317 mix-led-buttons-timer-systick-adc-dac PASS
225 317 mix-led-buttons-rit-systick-adc-dac PASS
226 317 mix-led-joystick-timer-rit-systick-adc PASS
227 317 mix-led-joystick-timer-rit-adc-dac PASS
228 317 mix-led-joystick-timer-systick-adc-dac PASS
229 317 mix-led-joystick-timer-rit-systick-dac PASS
230 317 mix-led-joystick-rit-systick-adc-dac PASS
231 317 mix-led-timer-rit-systick-adc-dac PASS
232 317 mix-buttons-joystick-timer-rit-systick-adc PASS
233 317 mix-buttons-joystick-timer-rit-systick-dac PASS
234 317 mix-buttons-joystick-timer-rit-adc-dac PASS
235 317 mix-buttons-joystick-timer-systick-adc-dac PASS
236 317 mix-buttons-joystick-rit-systick-adc-dac PASS
237 317 mix-buttons-timer-rit-systick-adc-dac PASS
238 317 mix-joystick-timer-rit-systick-adc-dac PASS
239 317 mix-led-buttons-joystick-timer-rit-systick-adc PASS
240 317 mix-led-buttons-joystick-timer-rit-systick-dac PASS
241 317 mix-led-buttons-joystick-timer-rit-adc-dac PASS
242 317 mix-led-buttons-joystick-timer-systick-adc-dac PASS
243 317 mix-led-buttons-joystick-rit-systick-adc-dac PASS
244 317 mix-led-buttons-timer-rit-systick-adc-dac PASS
245 317 mix-led-joystick-timer-rit-systick-adc-dac PASS
246 317 mix-buttons-joystick-timer-rit-systick-adc-dac PASS
247 317 mix-led-buttons-joystick-timer-rit-systick-adc-dac PASS
248 317 task-counter-rit PASS
249 317 task-counter-systick PASS
250 317 task-counter-polling PASS
251 317 task-binary-entry-rit PASS
252 317 task-binary-entry-systick PASS
253 317 task-binary-entry-polling PASS
254 317 task-press-release-long-rit PASS
255 317 task-press-release-long-systick PASS
256 317 task-press-release-long-polling PASS
257 317 task-stopwatch-rit PASS
258 317 task-stopwatch-polling PASS
259 317 task-stopwatch-systick PASS
260 317 task-reaction-rit PASS
261 317 task-countdown-polling PASS
262 317 task-countdown-rit PASS
263 317 task-reaction-polling PASS
264 317 task-reaction-systick PASS
265 317 task-countdown-systick PASS
266 317 task-movement-rit PASS
267 317 task-movement-systick PASS
268 317 task-code-entry-rit PASS
269 317 task-code-entry-systick PASS
270 317 task-adc-percent-systick PASS
271 317 task-adc-hysteresis-rit PASS
272 317 task-adc-percent-rit PASS
273 317 task-adc-hysteresis-systick PASS
274 317 task-adc-average-rit PASS
275 317 task-adc-average-systick PASS
276 317 task-adc-capture-rit PASS
277 317 task-adc-capture-systick PASS
278 317 task-adc-capture-polling PASS
279 317 task-adc-rate-rit PASS
280 317 task-adc-rate-systick PASS
281 317 task-audio-burst-rit PASS
282 317 task-audio-burst-polling PASS
283 317 task-audio-controls-systick PASS
284 317 task-audio-burst-systick PASS
285 317 task-audio-controls-rit PASS
286 317 task-audio-controls-polling PASS
287 317 task-adc-minmax-rit PASS
288 317 task-audio-sequence-systick PASS
289 317 task-audio-sequence-rit PASS
290 317 task-adjustable-waveform-rit PASS
291 317 task-adjustable-waveform-systick PASS
292 317 task-adc-minmax-systick PASS
293 317 paper-e2023-02-24 PASS
294 317 paper-e2023-07-04 PASS
295 317 paper-e2023-09-18 PASS
296 317 task-adc-minmax-polling PASS
297 317 paper-e2024-02-28 PASS
298 317 paper-e2023-02-07 PASS
299 317 paper-e2024-09-16 PASS
300 317 task-adjustable-waveform-polling PASS
301 317 paper-e2024-02-12 PASS
302 317 paper-e2025-01-29-a3 PASS
303 317 paper-e2024-07-09 PASS
304 317 paper-e2025-01-29-a1 PASS
305 317 paper-e2025-01-29-a2 PASS
306 317 paper-e2025-07-01-a1 PASS
307 317 paper-e2025-07-01-a2 PASS
308 317 paper-e2025-02-12-a1 PASS
309 317 paper-e2026-02-03-a1 PASS
310 317 paper-e2026-02-18-a1 PASS
311 317 paper-e2026-02-03-a2 PASS
312 317 paper-e2026-02-18-a2 PASS
313 317 paper-e2026-06-25-b1 PASS
314 317 paper-e2026-06-25-b2 PASS
315 317 paper-lcd-maze PASS
316 317 paper-e2025-02-12-a2 PASS
317 317 paper-e2026-02-03-a3 PASS
