node:internal/assert/utils:77
    throw err;
    ^

AssertionError [ERR_ASSERTION]: Search timing target 200 ms
    at check (C:\Personal\College\CA 2026\CA\ARM_Exam_Ready_Package\EXAM_HANDOFF\90_WORKING_PROJECTS\PERIPHERAL_LIBRARY_20260905\EXAM_HANDOFF\01_EXAM_READY\FRESH_SOLVED_ARM_EXAMS\99_MAINTENANCE\VERIFY_SEARCH.cjs:7:44)
    at Object.<anonymous> (C:\Personal\College\CA 2026\CA\ARM_Exam_Ready_Package\EXAM_HANDOFF\90_WORKING_PROJECTS\PERIPHERAL_LIBRARY_20260905\EXAM_HANDOFF\01_EXAM_READY\FRESH_SOLVED_ARM_EXAMS\99_MAINTENANCE\VERIFY_SEARCH.cjs:55:1)
    at Module._compile (node:internal/modules/cjs/loader:1929:14)
    at Object..js (node:internal/modules/cjs/loader:2060:10)
    at Module.load (node:internal/modules/cjs/loader:1651:32)
    at Module._load (node:internal/modules/cjs/loader:1443:12)
    at wrapModuleLoad (node:internal/modules/cjs/loader:261:19)
    at Module.executeUserEntryPoint [as runMain] (node:internal/modules/run_main:154:5)
    at node:internal/main/run_main_module:33:47 {
  generatedMessage: false,
  code: 'ERR_ASSERTION',
  actual: false,
  expected: true,
  operator: '==',
  diff: 'simple'
}

Node.js v24.20.0
