{
  "structuralChecks": 4688,
  "errors": [
    "Source class missing",
    "Source class missing",
    "Source class missing",
    "Source class missing",
    "Source class missing",
    "Source class missing",
    "Source class missing",
    "Source class missing",
    "Source class missing",
    "Source class missing",
    "Source class missing",
    "Source class missing",
    "Source class missing",
    "Source class missing",
    "Source class missing",
    "Source class missing",
    "Source class missing",
    "Source class missing",
    "Source class missing",
    "Source class missing",
    "Source class missing",
    "Source class missing",
    "Source class missing",
    "Source class missing",
    "Source class missing",
    "Source class missing",
    "Source class missing",
    "Source class missing",
    "Source class missing",
    "Source class missing",
    "Source class missing",
    "Source class missing",
    "Source class missing",
    "Source class missing",
    "Source class missing",
    "Source class missing",
    "Source class missing",
    "Source class missing",
    "Source class missing",
    "Source class missing",
    "Source class missing",
    "Source class missing",
    "Source class missing",
    "Source class missing",
    "Source class missing",
    "Source class missing",
    "Source class missing",
    "Source class missing",
    "Source class missing",
    "Source class missing",
    "Source class missing",
    "Source class missing",
    "Source class missing",
    "Source class missing",
    "Source class missing",
    "Source class missing",
    "Source class missing",
    "Source class missing",
    "Source class missing",
    "Source class missing",
    "Source class missing",
    "Source class missing",
    "Source class missing",
    "Source class missing",
    "Source class missing",
    "Source class missing",
    "Source class missing",
    "Source class missing",
    "Source class missing",
    "Source class missing",
    "Source class missing",
    "Source class missing",
    "Source class missing",
    "Source class missing",
    "Source class missing",
    "Source class missing",
    "Source class missing",
    "Source class missing",
    "Source class missing",
    "Source class missing",
    "Source class missing",
    "Source class missing",
    "Source class missing",
    "Source class missing",
    "Source class missing",
    "Source class missing",
    "Source class missing",
    "Source class missing",
    "Source class missing",
    "Source class missing",
    "Source class missing",
    "Source class missing",
    "Source class missing",
    "Source class missing",
    "Source class missing",
    "Source class missing",
    "Source class missing",
    "Source class missing",
    "Source class missing",
    "Source class missing",
    "Source class missing",
    "Source class missing",
    "Source class missing",
    "Source class missing",
    "Source class missing",
    "Source class missing",
    "Source class missing",
    "Source class missing",
    "Source class missing",
    "Source class missing",
    "Source class missing",
    "Source class missing",
    "Source class missing",
    "Source class missing",
    "Source class missing",
    "Source class missing",
    "Source class missing",
    "Source class missing",
    "Source class missing",
    "Source class missing",
    "Source class missing",
    "Source class missing",
    "Source class missing",
    "Source class missing",
    "Source class missing",
    "Source class missing",
    "Source class missing",
    "Source class missing",
    "Source class missing",
    "Source class missing",
    "Source class missing",
    "Source class missing",
    "Source class missing",
    "Source class missing",
    "Source class missing",
    "Source class missing",
    "Source class missing",
    "Source class missing",
    "Source class missing",
    "Source class missing",
    "Source class missing",
    "Source class missing",
    "Source class missing",
    "Source class missing",
    "Source class missing",
    "Source class missing",
    "Source class missing",
    "Source class missing",
    "Source class missing",
    "Source class missing",
    "Source class missing",
    "Source class missing",
    "Source class missing",
    "Source class missing",
    "Source class missing",
    "Source class missing",
    "Source class missing",
    "Source class missing",
    "Source class missing",
    "Source class missing",
    "Source class missing",
    "Source class missing",
    "Source class missing",
    "Source class missing",
    "Source class missing",
    "Source class missing",
    "Source class missing",
    "Source class missing",
    "Source class missing",
    "Source class missing",
    "Source class missing",
    "Source class missing",
    "Source class missing",
    "Source class missing",
    "Source class missing",
    "Source class missing",
    "Source class missing",
    "Source class missing",
    "Source class missing",
    "Source class missing",
    "Source class missing",
    "Source class missing",
    "Source class missing",
    "Source class missing",
    "Source class missing",
    "Source class missing",
    "Source class missing",
    "Source class missing",
    "Source class missing",
    "Source class missing",
    "Source class missing",
    "Source class missing",
    "Source class missing",
    "Source class missing",
    "Source class missing",
    "Source class missing",
    "Source class missing",
    "Source class missing",
    "Source class missing",
    "Source class missing",
    "Source class missing",
    "Source class missing",
    "Source class missing",
    "Source class missing",
    "Source class missing",
    "Source class missing",
    "Source class missing",
    "Source class missing",
    "Source class missing",
    "Source class missing",
    "Source class missing",
    "Source class missing",
    "Source class missing",
    "Source class missing",
    "Source class missing",
    "Source class missing",
    "Source class missing",
    "Source class missing",
    "Source class missing",
    "Source class missing",
    "Source class missing",
    "Source class missing",
    "Source class missing",
    "Source class missing",
    "Source class missing",
    "Source class missing",
    "Source class missing",
    "Source class missing",
    "Source class missing",
    "Source class missing",
    "Source class missing",
    "Source class missing",
    "Source class missing",
    "Source class missing",
    "Source class missing",
    "Source class missing",
    "Source class missing",
    "Source class missing",
    "Source class missing",
    "Source class missing",
    "Source class missing",
    "Source class missing",
    "Source class missing",
    "Source class missing",
    "Source class missing",
    "Source class missing",
    "Source class missing",
    "Source class missing",
    "Source class missing",
    "Source class missing",
    "Source class missing",
    "Source class missing",
    "Source class missing",
    "Source class missing",
    "Source class missing",
    "Source class missing",
    "Source class missing",
    "Source class missing",
    "Source class missing",
    "Source class missing",
    "Source class missing",
    "Source class missing",
    "Source class missing",
    "Source class missing",
    "Source class missing",
    "Source class missing",
    "Source class missing",
    "Source class missing",
    "Source class missing",
    "Source class missing",
    "Source class missing",
    "Source class missing",
    "Source class missing",
    "Source class missing",
    "Source class missing",
    "Source class missing",
    "Source class missing",
    "Source class missing",
    "Source class missing",
    "Source class missing",
    "Source class missing",
    "Source class missing",
    "Source class missing",
    "Source class missing",
    "Source class missing",
    "Source class missing",
    "Source class missing",
    "Source class missing",
    "Source class missing",
    "Source class missing",
    "Source class missing",
    "Source class missing",
    "Source class missing",
    "Source class missing",
    "Source class missing",
    "Source class missing",
    "Source class missing",
    "Source class missing",
    "Source class missing",
    "Source class missing",
    "Source class missing",
    "Source class missing",
    "Source class missing",
    "Source class missing",
    "Source class missing",
    "Source class missing",
    "Source class missing",
    "Source class missing",
    "Source class missing",
    "Source class missing",
    "Source class missing",
    "Source class missing",
    "Source class missing",
    "Source class missing",
    "Source class missing",
    "Source class missing",
    "Source class missing",
    "Source class missing",
    "Source class missing",
    "Source class missing",
    "Source class missing",
    "Source class missing",
    "Source class missing",
    "Source class missing",
    "Source class missing",
    "Source class missing",
    "Source class missing",
    "Source class missing",
    "Source class missing",
    "Source class missing",
    "Source class missing",
    "Source class missing",
    "Source class missing",
    "Source class missing",
    "Source class missing",
    "Source class missing",
    "Source class missing",
    "Source class missing",
    "Source class missing",
    "Source class missing",
    "Source class missing",
    "Source class missing",
    "Source class missing",
    "Source class missing",
    "Source class missing",
    "Source class missing",
    "Source class missing",
    "Source class missing",
    "Source class missing",
    "Source class missing",
    "Source class missing",
    "Source class missing",
    "Source class missing",
    "Source class missing",
    "Source class missing",
    "Source class missing",
    "Source class missing",
    "Source class missing",
    "Source class missing",
    "Source class missing",
    "Source class missing",
    "Source class missing",
    "Source class missing",
    "Source class missing",
    "Source class missing",
    "Source class missing",
    "Source class missing",
    "Source class missing",
    "Source class missing",
    "Source class missing",
    "Source class missing",
    "Source class missing",
    "Source class missing",
    "Source class missing",
    "Source class missing",
    "Source class missing",
    "Source class missing",
    "Source class missing",
    "Source class missing",
    "Source class missing",
    "Source class missing",
    "Source class missing",
    "Source class missing",
    "Source class missing",
    "Source class missing",
    "Source class missing",
    "Source class missing",
    "Source class missing",
    "Source class missing",
    "Source class missing",
    "Source class missing",
    "Source class missing",
    "Source class missing",
    "Source class missing",
    "Source class missing",
    "Source class missing",
    "Source class missing",
    "Source class missing",
    "Source class missing",
    "Source class missing",
    "Source class missing",
    "Source class missing",
    "Source class missing",
    "Source class missing",
    "Source class missing",
    "Source class missing",
    "Source class missing",
    "Source class missing",
    "Source class missing",
    "Source class missing",
    "Source class missing",
    "Source class missing",
    "Source class missing",
    "Source class missing",
    "Source class missing",
    "Source class missing",
    "Source class missing",
    "Source class missing",
    "Source class missing",
    "Source class missing",
    "Source class missing",
    "Source class missing",
    "Source class missing",
    "Source class missing",
    "Source class missing",
    "Source class missing",
    "Source class missing",
    "Source class missing",
    "Source class missing",
    "Source class missing",
    "Source class missing",
    "Source class missing",
    "Source class missing",
    "Source class missing",
    "Source class missing",
    "Source class missing",
    "Source class missing",
    "Source class missing",
    "Source class missing",
    "Source class missing",
    "Source class missing",
    "Source class missing",
    "Source class missing",
    "Source class missing",
    "Source class missing",
    "Source class missing",
    "Source class missing",
    "Source class missing",
    "Source class missing",
    "Source class missing",
    "Source class missing",
    "Source class missing",
    "Source class missing",
    "Source class missing",
    "Source class missing",
    "Source class missing",
    "Source class missing",
    "Source class missing",
    "Source class missing",
    "Source class missing",
    "Source class missing",
    "Source class missing",
    "Source class missing",
    "Source class missing",
    "Source class missing",
    "Source class missing",
    "Source class missing",
    "Source class missing",
    "Source class missing",
    "Source class missing",
    "Source class missing",
    "Source class missing",
    "Source class missing",
    "Source class missing",
    "Source class missing",
    "Source class missing",
    "Source class missing",
    "Source class missing",
    "Source class missing",
    "Source class missing",
    "Source class missing",
    "Source class missing",
    "Source class missing",
    "Source class missing",
    "Source class missing",
    "Source class missing",
    "Source class missing",
    "Source class missing",
    "Source class missing",
    "Source class missing",
    "Source class missing",
    "Source class missing",
    "Source class missing",
    "Source class missing",
    "Source class missing",
    "Source class missing",
    "Source class missing",
    "Source class missing",
    "Source class missing",
    "Source class missing",
    "Source class missing",
    "Source class missing",
    "Source class missing",
    "Source class missing",
    "Source class missing",
    "Source class missing",
    "Source class missing",
    "Source class missing",
    "Source class missing",
    "Source class missing",
    "Source class missing",
    "Source class missing",
    "Source class missing",
    "Source class missing",
    "Source class missing",
    "Source class missing",
    "Source class missing",
    "Source class missing",
    "Source class missing",
    "Source class missing",
    "Source class missing",
    "Source class missing",
    "Source class missing",
    "Source class missing",
    "Source class missing",
    "Source class missing",
    "Source class missing",
    "Source class missing",
    "Source class missing",
    "Source class missing",
    "Source class missing",
    "Source class missing",
    "Source class missing",
    "Source class missing",
    "Source class missing",
    "Source class missing",
    "Source class missing",
    "Source class missing",
    "Source class missing",
    "Source class missing",
    "Source class missing",
    "Source class missing",
    "Source class missing",
    "Source class missing",
    "Source class missing",
    "Source class missing",
    "Source class missing",
    "Source class missing",
    "Source class missing",
    "Source class missing",
    "Source class missing",
    "Source class missing",
    "Source class missing",
    "Source class missing",
    "Source class missing",
    "Source class missing",
    "Source class missing",
    "Source class missing",
    "Source class missing",
    "Source class missing",
    "Source class missing",
    "Source class missing",
    "Source class missing",
    "Source class missing",
    "Source class missing",
    "Source class missing",
    "Source class missing",
    "Source class missing",
    "Source class missing",
    "Source class missing",
    "Source class missing",
    "Source class missing",
    "No page-level PDF search",
    "No duplicate source grouping"
  ],
  "hostSyntaxWithActualHeaders": [
    {
      "project": "project-buttons",
      "file": "Source/sample.c",
      "status": "FAIL",
      "details": "C:\\Personal\\College\\CA2026~1\\CA\\ARM_EX~1\\EXAM_H~1\\90_WOR~1\\PERIPH~1\\EXAM_H~1\\01_EXA~1\\FRESH_~1\\03_COP~1\\CANONI~1\\COURSE~1\\PROJEC~1\\Source\\sample.c:1:10: fatal error: exam_api.h: No such file or directory\n    1 | #include \"exam_api.h\"\n      |          ^~~~~~~~~~~~\ncompilation terminated.\n"
    },
    {
      "project": "project-buttons",
      "file": "Source/button_EXINT/IRQ_button.c",
      "status": "FAIL",
      "details": "C:\\Personal\\College\\CA2026~1\\CA\\ARM_EX~1\\EXAM_H~1\\90_WOR~1\\PERIPH~1\\EXAM_H~1\\01_EXA~1\\FRESH_~1\\03_COP~1\\CANONI~1\\COURSE~1\\PROJEC~1\\Source\\BUTTON~1\\IRQ_BU~1.C:1:10: fatal error: exam_api.h: No such file or directory\n    1 | #include \"exam_api.h\"\n      |          ^~~~~~~~~~~~\ncompilation terminated.\n"
    },
    {
      "project": "project-buttons",
      "file": "Source/RIT/IRQ_RIT.c",
      "status": "FAIL",
      "details": "C:\\Personal\\College\\CA2026~1\\CA\\ARM_EX~1\\EXAM_H~1\\90_WOR~1\\PERIPH~1\\EXAM_H~1\\01_EXA~1\\FRESH_~1\\03_COP~1\\CANONI~1\\COURSE~1\\PROJEC~1\\Source\\RIT\\IRQ_RIT.c:1:10: fatal error: exam_api.h: No such file or directory\n    1 | #include \"exam_api.h\"\n      |          ^~~~~~~~~~~~\ncompilation terminated.\n"
    },
    {
      "project": "project-timed",
      "file": "Source/sample.c",
      "status": "FAIL",
      "details": "C:\\Personal\\College\\CA2026~1\\CA\\ARM_EX~1\\EXAM_H~1\\90_WOR~1\\PERIPH~1\\EXAM_H~1\\01_EXA~1\\FRESH_~1\\03_COP~1\\CANONI~1\\COURSE~1\\PROJEC~2\\Source\\sample.c:1:10: fatal error: exam_api.h: No such file or directory\n    1 | #include \"exam_api.h\"\n      |          ^~~~~~~~~~~~\ncompilation terminated.\n"
    },
    {
      "project": "project-timed",
      "file": "Source/timer/IRQ_timer.c",
      "status": "FAIL",
      "details": "C:\\Personal\\College\\CA2026~1\\CA\\ARM_EX~1\\EXAM_H~1\\90_WOR~1\\PERIPH~1\\EXAM_H~1\\01_EXA~1\\FRESH_~1\\03_COP~1\\CANONI~1\\COURSE~1\\PROJEC~2\\Source\\timer\\IRQ_TI~1.C:1:10: fatal error: exam_api.h: No such file or directory\n    1 | #include \"exam_api.h\"\n      |          ^~~~~~~~~~~~\ncompilation terminated.\n"
    },
    {
      "project": "project-analog",
      "file": "Source/sample.c",
      "status": "FAIL",
      "details": "C:\\Personal\\College\\CA2026~1\\CA\\ARM_EX~1\\EXAM_H~1\\90_WOR~1\\PERIPH~1\\EXAM_H~1\\01_EXA~1\\FRESH_~1\\03_COP~1\\CANONI~1\\COURSE~1\\PROJEC~3\\Source\\sample.c:1:10: fatal error: exam_api.h: No such file or directory\n    1 | #include \"exam_api.h\"\n      |          ^~~~~~~~~~~~\ncompilation terminated.\n"
    },
    {
      "project": "project-analog",
      "file": "Source/timer/IRQ_timer.c",
      "status": "FAIL",
      "details": "C:\\Personal\\College\\CA2026~1\\CA\\ARM_EX~1\\EXAM_H~1\\90_WOR~1\\PERIPH~1\\EXAM_H~1\\01_EXA~1\\FRESH_~1\\03_COP~1\\CANONI~1\\COURSE~1\\PROJEC~3\\Source\\timer\\IRQ_TI~1.C:1:10: fatal error: exam_api.h: No such file or directory\n    1 | #include \"exam_api.h\"\n      |          ^~~~~~~~~~~~\ncompilation terminated.\n"
    }
  ],
  "nativeKeilBuild": "See PATTERN_NATIVE_BUILDS.json for native target results. This report covers the structural and host syntax checks only.",
  "physicalBoard": "Not performed; board required for input/timing/output claims."
}
