*** Using Compiler 'V6.22', folder: 'C:\Users\marwa\AppData\Local\Keil_v5\ARM\ARMCLANG\Bin'
Build target 'SW_Debug'
assembling startup_LPC17xx.s...
assembling ASM_funct.s...
Source/sample.c(37): warning: GCC does not allow variable declarations in for loop initializers before C99 [-Wgcc-compat]
   37 |   uint8_t dense[36],seen2[6]={0};uint32_t stack2[7]={0};for(unsigned z=0;z<36;z++)dense[z]=1;stack2[6]=77;if(algorithm_algorithm_pat_alg_dfs_stack_001_assembly(dense,6,0,seen2,stack2)!=6||stack2[6]!=77)return 0;
      |                                                             ^
1 warning generated.
compiling sample.c...
creating preprocessor file for sample.c...
creating preprocessor file for exam_api.c...
creating preprocessor file for system_LPC17xx.c...
compiling exam_api.c...
creating preprocessor file for funct_led.c...
compiling system_LPC17xx.c...
creating preprocessor file for IRQ_button.c...
creating preprocessor file for lib_led.c...
compiling funct_led.c...
compiling lib_led.c...
compiling IRQ_button.c...
creating preprocessor file for IRQ_timer.c...
creating preprocessor file for lib_button.c...
compiling lib_button.c...
compiling IRQ_timer.c...
creating preprocessor file for lib_timer.c...
compiling lib_timer.c...
compiling IRQ_systick.c...
creating preprocessor file for IRQ_systick.c...
creating preprocessor file for lib_systick.c...
compiling lib_systick.c...
creating preprocessor file for IRQ_RIT.c...
compiling IRQ_RIT.c...
creating preprocessor file for lib_RIT.c...
compiling lib_RIT.c...
creating preprocessor file for lib_joystick.c...
creating preprocessor file for IRQ_adc.c...
compiling lib_joystick.c...
compiling IRQ_adc.c...
compiling lib_adc.c...
creating preprocessor file for lib_adc.c...
linking...
Program Size: Code=6468 RO-data=288 RW-data=4 ZI-data=724  
".\Objects\sample.axf" - 0 Error(s), 1 Warning(s).
Build Time Elapsed:  00:00:08
