*** Using Compiler 'V6.22', folder: 'C:\Users\marwa\AppData\Local\Keil_v5\ARM\ARMCLANG\Bin'
Build target 'SW_Debug'
creating preprocessor file for sample.c...
creating preprocessor file for funct_led.c...
creating preprocessor file for system_LPC17xx.c...
compiling sample.c...
creating preprocessor file for lib_led.c...
creating preprocessor file for exam_api.c...
compiling exam_api.c...
creating preprocessor file for IRQ_button.c...
creating preprocessor file for lib_button.c...
creating preprocessor file for IRQ_timer.c...
compiling IRQ_timer.c...
compiling IRQ_button.c...
creating preprocessor file for lib_timer.c...
creating preprocessor file for IRQ_systick.c...
compiling IRQ_systick.c...
creating preprocessor file for lib_systick.c...
creating preprocessor file for lib_RIT.c...
compiling lib_RIT.c...
creating preprocessor file for IRQ_RIT.c...
compiling IRQ_RIT.c...
creating preprocessor file for lib_joystick.c...
creating preprocessor file for IRQ_adc.c...
creating preprocessor file for lib_adc.c...
compiling IRQ_adc.c...
linking...
Program Size: Code=6208 RO-data=288 RW-data=4 ZI-data=724  
".\Objects\sample.axf" - 0 Error(s), 0 Warning(s).
Build Time Elapsed:  00:00:08
